2026-05-02 19:16:42 - __main__ - INFO - 
======================================================================
2026-05-02 19:16:42 - __main__ - INFO -   🚀 Full Parameter Hendrycks MATH Fine-tuning (SN-Tuned Model)
2026-05-02 19:16:42 - __main__ - INFO - ======================================================================

2026-05-02 19:16:42 - __main__ - INFO - Log file: ./logs/safety_neuron_math/finetune_math_20260502_191642.log
2026-05-02 19:16:42 - __main__ - INFO - ⚙️  Configuration:
2026-05-02 19:16:42 - __main__ - INFO -    ├─ Model: kmseong/llama3_2_3b-instruct-SSFT-lr5e-5
2026-05-02 19:16:42 - __main__ - INFO -    ├─ Input formatting: chat template
2026-05-02 19:16:42 - __main__ - INFO -    ├─ Subjects: all
2026-05-02 19:16:42 - __main__ - INFO -    ├─ Levels: all
2026-05-02 19:16:42 - __main__ - INFO -    ├─ Train samples: 0
2026-05-02 19:16:42 - __main__ - INFO -    ├─ Safety mix ratio: 0.0
2026-05-02 19:16:42 - __main__ - INFO -    ├─ Batch size: 4
2026-05-02 19:16:42 - __main__ - INFO -    ├─ Grad accum: 4
2026-05-02 19:16:42 - __main__ - INFO -    ├─ Epochs: 3
2026-05-02 19:16:42 - __main__ - INFO -    ├─ LR: 5e-05
2026-05-02 19:16:42 - __main__ - INFO -    └─ Output dir: ./full_finetune_MATH_8b_instruct-lr5e-5
2026-05-02 19:16:46 - __main__ - INFO - Total parameters: 3,212,749,824
2026-05-02 19:16:46 - __main__ - INFO - Trainable parameters: 3,212,749,824 (100.00%)
2026-05-02 19:16:58 - __main__ - INFO - Starting training...
2026-05-02 19:27:02 - __main__ - INFO - ✅ Fine-tuned model saved to ./full_finetune_MATH_8b_instruct-lr5e-5
2026-05-02 19:27:02 - __main__ - INFO - ✅ Config saved to ./full_finetune_MATH_8b_instruct-lr5e-5/finetune_config.json
2026-05-02 19:27:02 - __main__ - INFO - 
Starting upload to Hugging Face: kmseong/llama3_2_3b_instruct_MATH_lr5e-5
2026-05-02 19:28:55 - __main__ - INFO - ✅ Upload completed: https://huggingface.co/kmseong/llama3_2_3b_instruct_MATH_lr5e-5
