2026-05-05 19:31:26 - __main__ - INFO - Log directory: /home/yonsei_jong/Safety-Neuron/neuron_detection/logs/neuron_detection
2026-05-05 19:31:26 - __main__ - INFO - Log file: /home/yonsei_jong/Safety-Neuron/neuron_detection/logs/neuron_detection/safety_neuron_20260505_193126.log
2026-05-05 19:31:26 - __main__ - INFO - Using model: kmseong/llama2_7b_chat-safety-rotation
2026-05-05 19:31:26 - __main__ - INFO - TOP_NUMBER_FFN: 400, TOP_NUMBER_ATTN: 80
2026-05-05 19:31:26 - __main__ - INFO - [Mode] Safety Neuron Detection
2026-05-05 19:31:26 - __main__ - INFO - Number of prompts to process: 4994
2026-05-05 19:31:26 - __main__ - INFO - Processing 4994 prompts from /home/yonsei_jong/Safety-Neuron/neuron_detection/corpus_all/circuit_breakers_train.json
2026-05-05 19:35:14 - __main__ - INFO - Detection complete: success=4994, failed=0
2026-05-05 19:35:18 - __main__ - INFO - [compute_intersection][ffn_up] prompts=4994, before(union)=24357, after(intersection)=5924, reduced=18433
2026-05-05 19:35:22 - __main__ - INFO - [compute_intersection][ffn_down] prompts=4994, before(union)=24357, after(intersection)=5924, reduced=18433
2026-05-05 19:35:23 - __main__ - INFO - [compute_intersection][q] prompts=4994, before(union)=5473, after(intersection)=1072, reduced=4401
2026-05-05 19:35:24 - __main__ - INFO - [compute_intersection][k] prompts=4994, before(union)=5473, after(intersection)=1072, reduced=4401
2026-05-05 19:35:26 - __main__ - INFO - [compute_intersection][v] prompts=4994, before(union)=4468, after(intersection)=1291, reduced=3177
2026-05-05 19:35:26 - __main__ - INFO - 
======================================================================
2026-05-05 19:35:26 - __main__ - INFO - Safety Neuron Detection Results
2026-05-05 19:35:26 - __main__ - INFO - ======================================================================
2026-05-05 19:35:26 - __main__ - INFO - Model: kmseong/llama2_7b_chat-safety-rotation
2026-05-05 19:35:26 - __main__ - INFO - Total safety neurons: 15,283
2026-05-05 19:35:26 - __main__ - INFO - Total model neurons (q/k/v/o + gate/up/down): 1,359,872
2026-05-05 19:35:26 - __main__ - INFO - Detected safety neuron percentage: 1.1239%
2026-05-05 19:35:26 - __main__ - INFO - Output: /home/yonsei_jong/Safety-Neuron/neuron_detection/output_neurons/safety_neuron_accelerated_20260505_193126.txt
2026-05-05 19:35:26 - __main__ - INFO - Log: /home/yonsei_jong/Safety-Neuron/neuron_detection/logs/neuron_detection/safety_neuron_20260505_193126.log
2026-05-05 19:35:26 - __main__ - INFO - ======================================================================

