2026-05-05 19:20:37 - __main__ - INFO - Log directory: /home/yonsei_jong/Safety-Neuron/neuron_detection/logs/neuron_detection
2026-05-05 19:20:37 - __main__ - INFO - Log file: /home/yonsei_jong/Safety-Neuron/neuron_detection/logs/neuron_detection/safety_neuron_20260505_192037.log
2026-05-05 19:20:37 - __main__ - INFO - Using model: kmseong/llama2_7b_chat-safety-rotation
2026-05-05 19:20:37 - __main__ - INFO - TOP_NUMBER_FFN: 600, TOP_NUMBER_ATTN: 100
2026-05-05 19:20:37 - __main__ - INFO - [Mode] Safety Neuron Detection
2026-05-05 19:20:37 - __main__ - INFO - Number of prompts to process: 4994
2026-05-05 19:20:37 - __main__ - INFO - Processing 4994 prompts from /home/yonsei_jong/Safety-Neuron/neuron_detection/corpus_all/circuit_breakers_train.json
2026-05-05 19:24:24 - __main__ - INFO - Detection complete: success=4994, failed=0
2026-05-05 19:24:30 - __main__ - INFO - [compute_intersection][ffn_up] prompts=4994, before(union)=35040, after(intersection)=9321, reduced=25719
2026-05-05 19:24:36 - __main__ - INFO - [compute_intersection][ffn_down] prompts=4994, before(union)=35040, after(intersection)=9321, reduced=25719
2026-05-05 19:24:37 - __main__ - INFO - [compute_intersection][q] prompts=4994, before(union)=6658, after(intersection)=1346, reduced=5312
2026-05-05 19:24:38 - __main__ - INFO - [compute_intersection][k] prompts=4994, before(union)=6658, after(intersection)=1346, reduced=5312
2026-05-05 19:24:40 - __main__ - INFO - [compute_intersection][v] prompts=4994, before(union)=5482, after(intersection)=1659, reduced=3823
2026-05-05 19:24:40 - __main__ - INFO - 
======================================================================
2026-05-05 19:24:40 - __main__ - INFO - Safety Neuron Detection Results
2026-05-05 19:24:40 - __main__ - INFO - ======================================================================
2026-05-05 19:24:40 - __main__ - INFO - Model: kmseong/llama2_7b_chat-safety-rotation
2026-05-05 19:24:40 - __main__ - INFO - Total safety neurons: 22,993
2026-05-05 19:24:40 - __main__ - INFO - Total model neurons (q/k/v/o + gate/up/down): 1,359,872
2026-05-05 19:24:40 - __main__ - INFO - Detected safety neuron percentage: 1.6908%
2026-05-05 19:24:40 - __main__ - INFO - Output: /home/yonsei_jong/Safety-Neuron/neuron_detection/output_neurons/safety_neuron_accelerated_20260505_192037.txt
2026-05-05 19:24:40 - __main__ - INFO - Log: /home/yonsei_jong/Safety-Neuron/neuron_detection/logs/neuron_detection/safety_neuron_20260505_192037.log
2026-05-05 19:24:40 - __main__ - INFO - ======================================================================

